// Jest Snapshot v1, https://goo.gl/fbAQLP

exports[`Mounted EurydiceFooter renders correctly 1`] = `
<footer
  class="v-footer v-sheet theme--light v-footer--padless"
>
  <div
    class="row no-gutters justify-center"
  >
    <a
      class="my-2 v-btn v-btn--text theme--light v-size--default"
      href="/api/docs/"
    >
      <span
        class="v-btn__content"
      >
        
      Documentation de l'API
    
      </span>
    </a>
     
    <div
      class="v-dialog__container"
    >
      <!---->
    </div>
    <button
      aria-expanded="false"
      aria-haspopup="true"
      class="my-2 v-btn v-btn--text theme--light v-size--default"
      role="button"
      type="button"
    >
      <span
        class="v-btn__content"
      >
        Contact
      </span>
    </button>
  </div>
</footer>
`;
