// Jest Snapshot v1, https://goo.gl/fbAQLP

exports[`PaginatorControls renders correctly 1`] = `
<div
  class="Paginator-controls mt-3"
  style="--text-field-width: 9ch;"
>
  <button
    class="ml-2 v-btn v-btn--disabled v-btn--outlined theme--light v-size--default"
    disabled="disabled"
    type="button"
  >
    <span
      class="v-btn__content"
    >
      <span
        aria-hidden="true"
        class="v-icon notranslate theme--light"
      >
        <svg
          aria-hidden="true"
          class="v-icon__svg"
          role="img"
          viewBox="0 0 24 24"
          xmlns="http://www.w3.org/2000/svg"
        >
          <path
            d="M15.41,16.58L10.83,12L15.41,7.41L14,6L8,12L14,18L15.41,16.58Z"
          />
        </svg>
      </span>
    </span>
  </button>
   
  <div
    class="v-input shrink mx-2 v-input--is-label-active v-input--is-dirty v-input--dense theme--light v-text-field v-text-field--enclosed v-text-field--outlined"
  >
    <div
      class="v-input__control"
    >
      <div
        class="v-input__slot"
      >
        <fieldset
          aria-hidden="true"
        >
          <legend
            style="width: 0px;"
          >
            <span
              class="notranslate"
            >
              â€‹
            </span>
          </legend>
        </fieldset>
        <div
          class="v-text-field__slot"
        >
          <label
            class="v-label v-label--active theme--light"
            for="input-4"
            style="left: 0px; position: absolute;"
          >
            Page
          </label>
          <input
            id="input-4"
            type="text"
          />
          <div
            class="v-text-field__suffix"
          >
            sur 6
          </div>
        </div>
      </div>
      <div
        class="v-text-field__details"
      >
        <div
          class="v-messages theme--light"
        >
          <transition-group-stub
            class="v-messages__wrapper"
            name="message-transition"
            tag="div"
          />
        </div>
      </div>
    </div>
  </div>
   
  <button
    class="mr-4 v-btn v-btn--outlined theme--light v-size--default grey--text text--darken-2"
    type="button"
  >
    <span
      class="v-btn__content"
    >
      <span
        aria-hidden="true"
        class="v-icon notranslate theme--light"
      >
        <svg
          aria-hidden="true"
          class="v-icon__svg"
          role="img"
          viewBox="0 0 24 24"
          xmlns="http://www.w3.org/2000/svg"
        >
          <path
            d="M8.59,16.58L13.17,12L8.59,7.41L10,6L16,12L10,18L8.59,16.58Z"
          />
        </svg>
      </span>
    </span>
  </button>
</div>
`;
