// Jest Snapshot v1, https://goo.gl/fbAQLP

exports[`TransferableStatusChip renders correctly 1`] = `
<span
  class="v-tooltip v-tooltip--right"
>
  <!---->
  <span
    class="v-chip theme--light v-size--default success white--text"
  >
    <span
      class="v-chip__content"
    >
      <i
        aria-hidden="true"
        class="v-icon notranslate mr-2 mdi mdi-check theme--light"
        style="font-size: 17px;"
      />
      Succ√®s
    
    </span>
  </span>
</span>
`;
